{"body":{"children":[{"style":"caption","t":"text","text":"2 of 2 kills, newest first"},{"children":[{"children":[{"children":[{"max_lines":1,"style":"body","t":"text","text":"alpha"}],"t":"box","weight":1},{"content_description":"Copy to device clipboard","icon":"content_copy","on_tap":{"builtin":"clipboard.copy","text":"alpha"},"t":"icon_button"}],"t":"row"}],"t":"card"},{"children":[{"children":[{"children":[{"max_lines":1,"style":"body","t":"text","text":"beta gamma"}],"t":"box","weight":1},{"content_description":"Copy to device clipboard","icon":"content_copy","on_tap":{"builtin":"clipboard.copy","text":"beta\ngamma"},"t":"icon_button"}],"t":"row"}],"t":"card"}],"t":"lazy_column"},"on_refresh":{"action":"jetpacs.clip.refresh"},"semantics":{"pane_title":"Clipboard"},"t":"scaffold","top_bar":{"align":"center","children":[{"style":"title","t":"text","text":"Clipboard","weight":1}],"spacing":4,"t":"row"},"top_bar_style":"small"}
