[{"t":"section_header","title":"The Heading"},{"spans":[{"text":"First line of prose"},{"text":" "},{"text":"continues here"}],"t":"rich_text"},{"spans":[{"on_tap":{"action":"emacs.buffer.act","args":{"buffer":"*jc3b-shr*","pos":50}},"text":"a link"},{"text":" in prose"}],"t":"rich_text"},{"children":[{"style":"mono","t":"text","text":"cell-a  cell-b\ncell-c  cell-d"}],"color":"surface","padding":3,"shape":"rounded_small","t":"surface"},{"content_description":"A picture","t":"image","url":"https://example.org/pic.png"}]